// Jest Snapshot v1, https://goo.gl/fbAQLP

exports[`<NoteList /> matches snapshot 1`] = `
<div>
  <div
    class="MuiBox-root css-144ebsl"
  >
    <ul
      class="MuiList-root MuiList-padding css-h4y409-MuiList-root"
    >
      <li
        class="MuiListSubheader-root MuiListSubheader-gutters MuiListSubheader-sticky css-uob957-MuiListSubheader-root"
      >
        오답노트
      </li>
      <li
        class="MuiListItem-root MuiListItem-gutters css-1nxmd3h-MuiListItem-root"
      >
        <div
          class="MuiButtonBase-root MuiListItemButton-root MuiListItemButton-gutters MuiListItemButton-root MuiListItemButton-gutters css-16ac5r2-MuiButtonBase-root-MuiListItemButton-root"
          role="button"
          tabindex="0"
        >
          <div
            class="MuiListItemIcon-root css-cveggr-MuiListItemIcon-root"
          >
            <svg
              aria-hidden="true"
              class="MuiSvgIcon-root MuiSvgIcon-fontSizeMedium css-i4bv87-MuiSvgIcon-root"
              data-testid="RuleIcon"
              focusable="false"
              viewBox="0 0 24 24"
            >
              <path
                d="M16.54 11 13 7.46l1.41-1.41 2.12 2.12 4.24-4.24 1.41 1.41zM11 7H2v2h9zm10 6.41L19.59 12 17 14.59 14.41 12 13 13.41 15.59 16 13 18.59 14.41 20 17 17.41 19.59 20 21 18.59 18.41 16zM11 15H2v2h9z"
              />
            </svg>
          </div>
          <div
            class="MuiListItemText-root css-tlelie-MuiListItemText-root"
          >
            <span
              class="MuiTypography-root MuiTypography-body1 MuiListItemText-primary css-10hburv-MuiTypography-root"
            >
              2024-02-19 00:00:00의 퀴즈 풀이
            </span>
          </div>
          <span
            class="MuiTouchRipple-root css-8je8zh-MuiTouchRipple-root"
          />
        </div>
      </li>
    </ul>
  </div>
</div>
`;
