// Jest Snapshot v1, https://goo.gl/fbAQLP

exports[`<QuizResult /> matches snapshot 1`] = `
<div>
  <div
    class="MuiPaper-root MuiPaper-elevation MuiPaper-rounded MuiPaper-elevation1 css-rccqv0-MuiPaper-root"
  >
    <div
      class="MuiBox-root css-19midj6"
    >
      <div
        class="MuiTypography-root MuiTypography-h5 css-ag7rrr-MuiTypography-root"
      >
        결과
      </div>
    </div>
    <hr
      class="MuiDivider-root MuiDivider-fullWidth css-9mgopn-MuiDivider-root"
    />
    <div
      class="MuiBox-root css-19midj6"
    >
      <div
        class="MuiStack-root css-1sazv7p-MuiStack-root"
      >
        <div
          class="MuiPaper-root MuiPaper-elevation MuiPaper-rounded MuiPaper-elevation1 css-rccqv0-MuiPaper-root"
        >
          <p
            class="MuiTypography-root MuiTypography-body2 css-r40f8v-MuiTypography-root"
          >
            소요된 시간 : 
            1분 24초
          </p>
        </div>
        <div
          class="MuiPaper-root MuiPaper-elevation MuiPaper-rounded MuiPaper-elevation1 css-rccqv0-MuiPaper-root"
        >
          <p
            class="MuiTypography-root MuiTypography-body2 css-r40f8v-MuiTypography-root"
          >
            정답 개수 : 
            3
          </p>
        </div>
        <div
          class="MuiPaper-root MuiPaper-elevation MuiPaper-rounded MuiPaper-elevation1 css-rccqv0-MuiPaper-root"
        >
          <p
            class="MuiTypography-root MuiTypography-body2 css-r40f8v-MuiTypography-root"
          >
            오답 개수 : 
            2
          </p>
        </div>
        <div
          class="MuiPaper-root MuiPaper-elevation MuiPaper-rounded MuiPaper-elevation1 MuiCard-root css-bhp9pd-MuiPaper-root-MuiCard-root"
        >
          <div
            class="MuiCardContent-root css-46bh2p-MuiCardContent-root"
          />
        </div>
      </div>
    </div>
    <button
      class="MuiButtonBase-root MuiButton-root MuiButton-text MuiButton-textPrimary MuiButton-sizeMedium MuiButton-textSizeMedium MuiButton-root MuiButton-text MuiButton-textPrimary MuiButton-sizeMedium MuiButton-textSizeMedium css-1e6y48t-MuiButtonBase-root-MuiButton-root"
      tabindex="0"
      type="button"
    >
      재시작
      <span
        class="MuiTouchRipple-root css-8je8zh-MuiTouchRipple-root"
      />
    </button>
  </div>
</div>
`;
